
> astro@0.0.1 dev
> astro dev --host 0.0.0.0 --port 3000

13:51:52 [types] Generated 1ms
13:51:52 [content] Syncing content
13:51:52 [content] Synced content
13:51:52 [vite] Re-optimizing dependencies because vite config has changed

 astro  v5.4.2 ready in 184 ms

┃ Local    http://localhost:3000/
┃ Network  http://172.17.0.2:3000/

13:51:52 watching for file changes...
13:51:52 [ERROR] [vite] Error:   Failed to scan for dependencies from entries:
  /home/kavia/workspace/code-generation/wordcharcountapi-69997-02e6a7e1/astro_frontend_workspace/astro_frontend/src/pages/index.astro

  [31m✘ [41;31m[[41;97mERROR[41;31m][0m [1mExpected ";" but found "and"[0m

    script:/home/kavia/workspace/code-generation/wordcharcountapi-69997-02e6a7e1/astro_frontend_workspace/astro_frontend/src/pages/index.astro?id=0:1:5:
[37m      1 │  tag [32mand[37m manage DOM ourselves.
        │      [32m~~~[37m
        ╵      [32m;[0m


    at failureErrorWithLog (/home/kavia/workspace/code-generation/wordcharcountapi-69997-02e6a7e1/astro_frontend_workspace/astro_frontend/node_modules/esbuild/lib/main.js:1463:15)
    at /home/kavia/workspace/code-generation/wordcharcountapi-69997-02e6a7e1/astro_frontend_workspace/astro_frontend/node_modules/esbuild/lib/main.js:924:25
    at runOnEndCallbacks (/home/kavia/workspace/code-generation/wordcharcountapi-69997-02e6a7e1/astro_frontend_workspace/astro_frontend/node_modules/esbuild/lib/main.js:1303:45)
    at buildResponseToResult (/home/kavia/workspace/code-generation/wordcharcountapi-69997-02e6a7e1/astro_frontend_workspace/astro_frontend/node_modules/esbuild/lib/main.js:922:7)
    at /home/kavia/workspace/code-generation/wordcharcountapi-69997-02e6a7e1/astro_frontend_workspace/astro_frontend/node_modules/esbuild/lib/main.js:934:9
    at new Promise (<anonymous>)
    at requestCallbacks.on-end (/home/kavia/workspace/code-generation/wordcharcountapi-69997-02e6a7e1/astro_frontend_workspace/astro_frontend/node_modules/esbuild/lib/main.js:933:54)
    at handleRequest (/home/kavia/workspace/code-generation/wordcharcountapi-69997-02e6a7e1/astro_frontend_workspace/astro_frontend/node_modules/esbuild/lib/main.js:626:17)
    at handleIncomingPacket (/home/kavia/workspace/code-generation/wordcharcountapi-69997-02e6a7e1/astro_frontend_workspace/astro_frontend/node_modules/esbuild/lib/main.js:651:7)
    at Socket.readFromStdout (/home/kavia/workspace/code-generation/wordcharcountapi-69997-02e6a7e1/astro_frontend_workspace/astro_frontend/node_modules/esbuild/lib/main.js:579:7)
13:51:53 [200] / 16ms
13:51:53 [200] / 6ms
13:52:14 [watch] /src/pages/index.astro?astro&type=style&index=0&lang.css
13:52:14 [200] / 6ms
13:52:15 [200] / 6ms
